Archive member included to satisfy reference by file (symbol)

c:/program files/stm32cubeide_1.11.0/stm32cubeide/plugins/com.st.stm32cube.ide.mcu.externaltools.gnu-tools-for-stm32.10.3-2021.10.win32_1.0.100.202210260954/tools/bin/../lib/gcc/arm-none-eabi/10.3.1/../../../../arm-none-eabi/lib/thumb/v7-m/nofp\libc_nano.a(lib_a-errno.o)
                              ./Core/Src/syscalls.o (__errno)
c:/program files/stm32cubeide_1.11.0/stm32cubeide/plugins/com.st.stm32cube.ide.mcu.externaltools.gnu-tools-for-stm32.10.3-2021.10.win32_1.0.100.202210260954/tools/bin/../lib/gcc/arm-none-eabi/10.3.1/../../../../arm-none-eabi/lib/thumb/v7-m/nofp\libc_nano.a(lib_a-exit.o)
                              c:/program files/stm32cubeide_1.11.0/stm32cubeide/plugins/com.st.stm32cube.ide.mcu.externaltools.gnu-tools-for-stm32.10.3-2021.10.win32_1.0.100.202210260954/tools/bin/../lib/gcc/arm-none-eabi/10.3.1/../../../../arm-none-eabi/lib/thumb/v7-m/nofp/crt0.o (exit)
c:/program files/stm32cubeide_1.11.0/stm32cubeide/plugins/com.st.stm32cube.ide.mcu.externaltools.gnu-tools-for-stm32.10.3-2021.10.win32_1.0.100.202210260954/tools/bin/../lib/gcc/arm-none-eabi/10.3.1/../../../../arm-none-eabi/lib/thumb/v7-m/nofp\libc_nano.a(lib_a-impure.o)
                              c:/program files/stm32cubeide_1.11.0/stm32cubeide/plugins/com.st.stm32cube.ide.mcu.externaltools.gnu-tools-for-stm32.10.3-2021.10.win32_1.0.100.202210260954/tools/bin/../lib/gcc/arm-none-eabi/10.3.1/../../../../arm-none-eabi/lib/thumb/v7-m/nofp\libc_nano.a(lib_a-exit.o) (_global_impure_ptr)
c:/program files/stm32cubeide_1.11.0/stm32cubeide/plugins/com.st.stm32cube.ide.mcu.externaltools.gnu-tools-for-stm32.10.3-2021.10.win32_1.0.100.202210260954/tools/bin/../lib/gcc/arm-none-eabi/10.3.1/../../../../arm-none-eabi/lib/thumb/v7-m/nofp\libc_nano.a(lib_a-init.o)
                              c:/program files/stm32cubeide_1.11.0/stm32cubeide/plugins/com.st.stm32cube.ide.mcu.externaltools.gnu-tools-for-stm32.10.3-2021.10.win32_1.0.100.202210260954/tools/bin/../lib/gcc/arm-none-eabi/10.3.1/../../../../arm-none-eabi/lib/thumb/v7-m/nofp/crt0.o (__libc_init_array)
c:/program files/stm32cubeide_1.11.0/stm32cubeide/plugins/com.st.stm32cube.ide.mcu.externaltools.gnu-tools-for-stm32.10.3-2021.10.win32_1.0.100.202210260954/tools/bin/../lib/gcc/arm-none-eabi/10.3.1/../../../../arm-none-eabi/lib/thumb/v7-m/nofp\libc_nano.a(lib_a-memset.o)
                              c:/program files/stm32cubeide_1.11.0/stm32cubeide/plugins/com.st.stm32cube.ide.mcu.externaltools.gnu-tools-for-stm32.10.3-2021.10.win32_1.0.100.202210260954/tools/bin/../lib/gcc/arm-none-eabi/10.3.1/../../../../arm-none-eabi/lib/thumb/v7-m/nofp/crt0.o (memset)
c:/program files/stm32cubeide_1.11.0/stm32cubeide/plugins/com.st.stm32cube.ide.mcu.externaltools.gnu-tools-for-stm32.10.3-2021.10.win32_1.0.100.202210260954/tools/bin/../lib/gcc/arm-none-eabi/10.3.1/thumb/v7-m/nofp\libgcc.a(_arm_mulsf3.o)
                              ./Core/Src/MPU6050.o (__aeabi_fmul)
c:/program files/stm32cubeide_1.11.0/stm32cubeide/plugins/com.st.stm32cube.ide.mcu.externaltools.gnu-tools-for-stm32.10.3-2021.10.win32_1.0.100.202210260954/tools/bin/../lib/gcc/arm-none-eabi/10.3.1/thumb/v7-m/nofp\libgcc.a(_arm_addsubsf3.o)
                              ./Core/Src/main.o (__aeabi_fsub)
c:/program files/stm32cubeide_1.11.0/stm32cubeide/plugins/com.st.stm32cube.ide.mcu.externaltools.gnu-tools-for-stm32.10.3-2021.10.win32_1.0.100.202210260954/tools/bin/../lib/gcc/arm-none-eabi/10.3.1/thumb/v7-m/nofp\libgcc.a(_arm_muldivsf3.o)
                              ./Core/Src/MPU6050.o (__aeabi_fdiv)
c:/program files/stm32cubeide_1.11.0/stm32cubeide/plugins/com.st.stm32cube.ide.mcu.externaltools.gnu-tools-for-stm32.10.3-2021.10.win32_1.0.100.202210260954/tools/bin/../lib/gcc/arm-none-eabi/10.3.1/thumb/v7-m/nofp\libgcc.a(_arm_cmpsf2.o)
                              ./Core/Src/main.o (__aeabi_fcmple)
c:/program files/stm32cubeide_1.11.0/stm32cubeide/plugins/com.st.stm32cube.ide.mcu.externaltools.gnu-tools-for-stm32.10.3-2021.10.win32_1.0.100.202210260954/tools/bin/../lib/gcc/arm-none-eabi/10.3.1/thumb/v7-m/nofp\libgcc.a(_arm_fixsfsi.o)
                              ./Core/Src/main.o (__aeabi_f2iz)

Discarded input sections

 .text          0x0000000000000000        0x0 c:/program files/stm32cubeide_1.11.0/stm32cubeide/plugins/com.st.stm32cube.ide.mcu.externaltools.gnu-tools-for-stm32.10.3-2021.10.win32_1.0.100.202210260954/tools/bin/../lib/gcc/arm-none-eabi/10.3.1/thumb/v7-m/nofp/crti.o
 .data          0x0000000000000000        0x0 c:/program files/stm32cubeide_1.11.0/stm32cubeide/plugins/com.st.stm32cube.ide.mcu.externaltools.gnu-tools-for-stm32.10.3-2021.10.win32_1.0.100.202210260954/tools/bin/../lib/gcc/arm-none-eabi/10.3.1/thumb/v7-m/nofp/crti.o
[...]
Memory Configuration

Name             Origin             Length             Attributes
RAM              0x0000000020000000 0x0000000000005000 xrw
FLASH            0x0000000008000000 0x0000000000010000 xr
*default*        0x0000000000000000 0xffffffffffffffff

Linker script and memory map

LOAD c:/program files/stm32cubeide_1.11.0/stm32cubeide/plugins/com.st.stm32cube.ide.mcu.externaltools.gnu-tools-for-stm32.10.3-2021.10.win32_1.0.100.202210260954/tools/bin/../lib/gcc/arm-none-eabi/10.3.1/thumb/v7-m/nofp/crti.o
LOAD c:/program files/stm32cubeide_1.11.0/stm32cubeide/plugins/com.st.stm32cube.ide.mcu.externaltools.gnu-tools-for-stm32.10.3-2021.10.win32_1.0.100.202210260954/tools/bin/../lib/gcc/arm-none-eabi/10.3.1/thumb/v7-m/nofp/crtbegin.o
LOAD c:/program files/stm32cubeide_1.11.0/stm32cubeide/plugins/com.st.stm32cube.ide.mcu.externaltools.gnu-tools-for-stm32.10.3-2021.10.win32_1.0.100.202210260954/tools/bin/../lib/gcc/arm-none-eabi/10.3.1/../../../../arm-none-eabi/lib/thumb/v7-m/nofp/crt0.o
LOAD ./Core/Src/Flash.o
LOAD ./Core/Src/I2C_no_interupt.o
LOAD ./Core/Src/Init_stm.o
LOAD ./Core/Src/MPU6050.o
LOAD ./Core/Src/main.o
LOAD ./Core/Src/sound.o
LOAD ./Core/Src/syscalls.o
LOAD ./Core/Src/sysmem.o
LOAD ./Core/Src/system_stm32f1xx.o
LOAD ./Core/Startup/startup_stm32f103c8tx.o
START GROUP
LOAD c:/program files/stm32cubeide_1.11.0/stm32cubeide/plugins/com.st.stm32cube.ide.mcu.externaltools.gnu-tools-for-stm32.10.3-2021.10.win32_1.0.100.202210260954/tools/bin/../lib/gcc/arm-none-eabi/10.3.1/../../../../arm-none-eabi/lib/thumb/v7-m/nofp\libc_nano.a
LOAD c:/program files/stm32cubeide_1.11.0/stm32cubeide/plugins/com.st.stm32cube.ide.mcu.externaltools.gnu-tools-for-stm32.10.3-2021.10.win32_1.0.100.202210260954/tools/bin/../lib/gcc/arm-none-eabi/10.3.1/../../../../arm-none-eabi/lib/thumb/v7-m/nofp\libm.a
END GROUP
START GROUP
LOAD c:/program files/stm32cubeide_1.11.0/stm32cubeide/plugins/com.st.stm32cube.ide.mcu.externaltools.gnu-tools-for-stm32.10.3-2021.10.win32_1.0.100.202210260954/tools/bin/../lib/gcc/arm-none-eabi/10.3.1/thumb/v7-m/nofp\libgcc.a
LOAD c:/program files/stm32cubeide_1.11.0/stm32cubeide/plugins/com.st.stm32cube.ide.mcu.externaltools.gnu-tools-for-stm32.10.3-2021.10.win32_1.0.100.202210260954/tools/bin/../lib/gcc/arm-none-eabi/10.3.1/../../../../arm-none-eabi/lib/thumb/v7-m/nofp\libc_nano.a
END GROUP
START GROUP
LOAD c:/program files/stm32cubeide_1.11.0/stm32cubeide/plugins/com.st.stm32cube.ide.mcu.externaltools.gnu-tools-for-stm32.10.3-2021.10.win32_1.0.100.202210260954/tools/bin/../lib/gcc/arm-none-eabi/10.3.1/thumb/v7-m/nofp\libgcc.a
LOAD c:/program files/stm32cubeide_1.11.0/stm32cubeide/plugins/com.st.stm32cube.ide.mcu.externaltools.gnu-tools-for-stm32.10.3-2021.10.win32_1.0.100.202210260954/tools/bin/../lib/gcc/arm-none-eabi/10.3.1/../../../../arm-none-eabi/lib/thumb/v7-m/nofp\libc_nano.a
LOAD c:/program files/stm32cubeide_1.11.0/stm32cubeide/plugins/com.st.stm32cube.ide.mcu.externaltools.gnu-tools-for-stm32.10.3-2021.10.win32_1.0.100.202210260954/tools/bin/../lib/gcc/arm-none-eabi/10.3.1/../../../../arm-none-eabi/lib/thumb/v7-m/nofp\libnosys.a
END GROUP
START GROUP
LOAD c:/program files/stm32cubeide_1.11.0/stm32cubeide/plugins/com.st.stm32cube.ide.mcu.externaltools.gnu-tools-for-stm32.10.3-2021.10.win32_1.0.100.202210260954/tools/bin/../lib/gcc/arm-none-eabi/10.3.1/thumb/v7-m/nofp\libgcc.a
LOAD c:/program files/stm32cubeide_1.11.0/stm32cubeide/plugins/com.st.stm32cube.ide.mcu.externaltools.gnu-tools-for-stm32.10.3-2021.10.win32_1.0.100.202210260954/tools/bin/../lib/gcc/arm-none-eabi/10.3.1/../../../../arm-none-eabi/lib/thumb/v7-m/nofp\libc_nano.a
LOAD c:/program files/stm32cubeide_1.11.0/stm32cubeide/plugins/com.st.stm32cube.ide.mcu.externaltools.gnu-tools-for-stm32.10.3-2021.10.win32_1.0.100.202210260954/tools/bin/../lib/gcc/arm-none-eabi/10.3.1/../../../../arm-none-eabi/lib/thumb/v7-m/nofp\libnosys.a
END GROUP
LOAD c:/program files/stm32cubeide_1.11.0/stm32cubeide/plugins/com.st.stm32cube.ide.mcu.externaltools.gnu-tools-for-stm32.10.3-2021.10.win32_1.0.100.202210260954/tools/bin/../lib/gcc/arm-none-eabi/10.3.1/thumb/v7-m/nofp/crtend.o
LOAD c:/program files/stm32cubeide_1.11.0/stm32cubeide/plugins/com.st.stm32cube.ide.mcu.externaltools.gnu-tools-for-stm32.10.3-2021.10.win32_1.0.100.202210260954/tools/bin/../lib/gcc/arm-none-eabi/10.3.1/thumb/v7-m/nofp/crtn.o
                0x0000000020005000                _estack = (ORIGIN (RAM) + LENGTH (RAM))
                0x0000000000000200                _Min_Heap_Size = 0x200
                0x0000000000000400                _Min_Stack_Size = 0x400

.isr_vector     0x0000000008000000      0x10c
                0x0000000008000000                . = ALIGN (0x4)
 *(.isr_vector)
 .isr_vector    0x0000000008000000      0x10c ./Core/Startup/startup_stm32f103c8tx.o
                0x0000000008000000                g_pfnVectors
                0x000000000800010c                . = ALIGN (0x4)

.text           0x000000000800010c     0x22e4
                0x000000000800010c                . = ALIGN (0x4)
 *(.text)
 .text          0x000000000800010c       0x40 c:/program files/stm32cubeide_1.11.0/stm32cubeide/plugins/com.st.stm32cube.ide.mcu.externaltools.gnu-tools-for-stm32.10.3-2021.10.win32_1.0.100.202210260954/tools/bin/../lib/gcc/arm-none-eabi/10.3.1/thumb/v7-m/nofp/crtbegin.o
 .text          0x000000000800014c      0x21c c:/program files/stm32cubeide_1.11.0/stm32cubeide/plugins/com.st.stm32cube.ide.mcu.externaltools.gnu-tools-for-stm32.10.3-2021.10.win32_1.0.100.202210260954/tools/bin/../lib/gcc/arm-none-eabi/10.3.1/thumb/v7-m/nofp\libgcc.a(_arm_addsubsf3.o)
                0x000000000800014c                __aeabi_frsub
                0x0000000008000154                __subsf3
                0x0000000008000154                __aeabi_fsub
                0x0000000008000158                __aeabi_fadd
                0x0000000008000158                __addsf3
                0x00000000080002b8                __aeabi_ui2f
                0x00000000080002b8                __floatunsisf
                0x00000000080002c0                __aeabi_i2f
                0x00000000080002c0                __floatsisf
                0x00000000080002dc                __aeabi_ul2f
                0x00000000080002dc                __floatundisf
                0x00000000080002ec                __aeabi_l2f
                0x00000000080002ec                __floatdisf
 .text          0x0000000008000368      0x2a0 c:/program files/stm32cubeide_1.11.0/stm32cubeide/plugins/com.st.stm32cube.ide.mcu.externaltools.gnu-tools-for-stm32.10.3-2021.10.win32_1.0.100.202210260954/tools/bin/../lib/gcc/arm-none-eabi/10.3.1/thumb/v7-m/nofp\libgcc.a(_arm_muldivsf3.o)
                0x0000000008000368                __mulsf3
                0x0000000008000368                __aeabi_fmul
                0x00000000080004d0                __aeabi_fdiv
                0x00000000080004d0                __divsf3
 .text          0x0000000008000608       0xec c:/program files/stm32cubeide_1.11.0/stm32cubeide/plugins/com.st.stm32cube.ide.mcu.externaltools.gnu-tools-for-stm32.10.3-2021.10.win32_1.0.100.202210260954/tools/bin/../lib/gcc/arm-none-eabi/10.3.1/thumb/v7-m/nofp\libgcc.a(_arm_cmpsf2.o)
                0x0000000008000608                __gesf2
                0x0000000008000608                __gtsf2
                0x0000000008000610                __lesf2
                0x0000000008000610                __ltsf2
                0x0000000008000618                __nesf2
                0x0000000008000618                __eqsf2
                0x0000000008000618                __cmpsf2
                0x0000000008000678                __aeabi_cfrcmple
                0x0000000008000680                __aeabi_cfcmpeq
                0x0000000008000680                __aeabi_cfcmple
                0x0000000008000690                __aeabi_fcmpeq
                0x00000000080006a4                __aeabi_fcmplt
                0x00000000080006b8                __aeabi_fcmple
                0x00000000080006cc                __aeabi_fcmpge
                0x00000000080006e0                __aeabi_fcmpgt
 .text          0x00000000080006f4       0x4c c:/program files/stm32cubeide_1.11.0/stm32cubeide/plugins/com.st.stm32cube.ide.mcu.externaltools.gnu-tools-for-stm32.10.3-2021.10.win32_1.0.100.202210260954/tools/bin/../lib/gcc/arm-none-eabi/10.3.1/thumb/v7-m/nofp\libgcc.a(_arm_fixsfsi.o)
                0x00000000080006f4                __aeabi_f2iz
                0x00000000080006f4                __fixsfsi
 *(.text*)
 .text.unlook_flash
                0x0000000008000740       0x24 ./Core/Src/Flash.o
                0x0000000008000740                unlook_flash
 .text.erase_flash
                0x0000000008000764       0x64 ./Core/Src/Flash.o
                0x0000000008000764                erase_flash
 .text.devide_32_to_16
                0x00000000080007c8       0x30 ./Core/Src/Flash.o
                0x00000000080007c8                devide_32_to_16
 .text.write_flash
                0x00000000080007f8       0x84 ./Core/Src/Flash.o
                0x00000000080007f8                write_flash
 .text.read_from_flash
                0x000000000800087c       0x6c ./Core/Src/Flash.o
                0x000000000800087c                read_from_flash
 .text.write_to_struct
                0x00000000080008e8       0x2c ./Core/Src/Flash.o
                0x00000000080008e8                write_to_struct
 .text.CMSIS_I2C_Reset
                0x0000000008000914       0x48 ./Core/Src/I2C_no_interupt.o
                0x0000000008000914                CMSIS_I2C_Reset
 .text.CMSIS_I2C2_Init
                0x000000000800095c       0xe8 ./Core/Src/I2C_no_interupt.o
                0x000000000800095c                CMSIS_I2C2_Init
 .text.CMSIS_I2C_MemWrite
                0x0000000008000a44      0x1f0 ./Core/Src/I2C_no_interupt.o
                0x0000000008000a44                CMSIS_I2C_MemWrite
 .text.CMSIS_I2C_MemRead
                0x0000000008000c34      0x29c ./Core/Src/I2C_no_interupt.o
                0x0000000008000c34                CMSIS_I2C_MemRead
 .text.__NVIC_EnableIRQ
                0x0000000008000ed0       0x38 ./Core/Src/Init_stm.o
 .text.__NVIC_SetPriority
                0x0000000008000f08       0x54 ./Core/Src/Init_stm.o
 .text.CMSIS_RCC_SystemClock_72MHz
                0x0000000008000f5c       0xf8 ./Core/Src/Init_stm.o
                0x0000000008000f5c                CMSIS_RCC_SystemClock_72MHz
 .text.CMSIS_SysTick_Timer_init
                0x0000000008001054       0x64 ./Core/Src/Init_stm.o
                0x0000000008001054                CMSIS_SysTick_Timer_init
 .text.Delay_ms
                0x00000000080010b8       0x28 ./Core/Src/Init_stm.o
                0x00000000080010b8                Delay_ms
 .text.SysTick_Handler
                0x00000000080010e0       0xd8 ./Core/Src/Init_stm.o
                0x00000000080010e0                SysTick_Handler
 .text.CMSIS_PC13_OUTPUT_Push_Pull_init
                0x00000000080011b8       0x78 ./Core/Src/Init_stm.o
                0x00000000080011b8                CMSIS_PC13_OUTPUT_Push_Pull_init
 .text.CMSIS_B12_Input_init
                0x0000000008001230       0x3c ./Core/Src/Init_stm.o
                0x0000000008001230                CMSIS_B12_Input_init
 .text.PWM_Out  0x000000000800126c       0xb8 ./Core/Src/Init_stm.o
                0x000000000800126c                PWM_Out
 .text.Tim1_init
                0x0000000008001324       0xc0 ./Core/Src/Init_stm.o
                0x0000000008001324                Tim1_init
 .text.Tim3_init
                0x00000000080013e4       0x50 ./Core/Src/Init_stm.o
                0x00000000080013e4                Tim3_init
 .text.TIM3_IRQHandler
                0x0000000008001434       0x50 ./Core/Src/Init_stm.o
                0x0000000008001434                TIM3_IRQHandler
 .text.Tim2_init
                0x0000000008001484       0x74 ./Core/Src/Init_stm.o
                0x0000000008001484                Tim2_init
 .text.init_MPU6050
                0x00000000080014f8       0xb0 ./Core/Src/MPU6050.o
                0x00000000080014f8                init_MPU6050
 .text.read_data_MPU6050
                0x00000000080015a8       0x2c ./Core/Src/MPU6050.o
                0x00000000080015a8                read_data_MPU6050
 .text.parsing_MPU6050
                0x00000000080015d4      0x1bc ./Core/Src/MPU6050.o
                0x00000000080015d4                parsing_MPU6050
 .text.main     0x0000000008001790      0x154 ./Core/Src/main.o
                0x0000000008001790                main
 .text.overclocking_PWM
                0x00000000080018e4       0xc4 ./Core/Src/main.o
                0x00000000080018e4                overclocking_PWM
 .text.braking_PWM
                0x00000000080019a8       0xe8 ./Core/Src/main.o
                0x00000000080019a8                braking_PWM
 .text.random_time
                0x0000000008001a90       0x4c ./Core/Src/main.o
                0x0000000008001a90                random_time
 .text.stop_game
                0x0000000008001adc       0xdc ./Core/Src/main.o
                0x0000000008001adc                stop_game
 .text.restart_value
                0x0000000008001bb8       0x30 ./Core/Src/main.o
                0x0000000008001bb8                restart_value
 .text.check_new_game
                0x0000000008001be8      0x254 ./Core/Src/main.o
                0x0000000008001be8                check_new_game
 .text.check_let
                0x0000000008001e3c       0xc8 ./Core/Src/main.o
                0x0000000008001e3c                check_let
 .text.start    0x0000000008001f04       0x74 ./Core/Src/main.o
                0x0000000008001f04                start
 .text.game     0x0000000008001f78      0x2b4 ./Core/Src/main.o
                0x0000000008001f78                game
 .text.set_PWM  0x000000000800222c       0x60 ./Core/Src/main.o
                0x000000000800222c                set_PWM
 .text.init_flag
                0x000000000800228c       0x80 ./Core/Src/main.o
                0x000000000800228c                init_flag
 .text.constrain
                0x000000000800230c       0x2c ./Core/Src/main.o
                0x000000000800230c                constrain
 .text.SystemInit
                0x0000000008002338        0xc ./Core/Src/system_stm32f1xx.o
                0x0000000008002338                SystemInit
 .text.Reset_Handler
                0x0000000008002344       0x48 ./Core/Startup/startup_stm32f103c8tx.o
                0x0000000008002344                Reset_Handler
 .text.Default_Handler
                0x000000000800238c        0x2 ./Core/Startup/startup_stm32f103c8tx.o
                0x000000000800238c                RTC_Alarm_IRQHandler
                0x000000000800238c                EXTI2_IRQHandler
                0x000000000800238c                DebugMon_Handler
                0x000000000800238c                TIM1_CC_IRQHandler
                0x000000000800238c                HardFault_Handler
                0x000000000800238c                PVD_IRQHandler
                0x000000000800238c                PendSV_Handler
                0x000000000800238c                NMI_Handler
                0x000000000800238c                EXTI3_IRQHandler
                0x000000000800238c                EXTI0_IRQHandler
                0x000000000800238c                I2C2_EV_IRQHandler
                0x000000000800238c                UsageFault_Handler
                0x000000000800238c                ADC1_2_IRQHandler
                0x000000000800238c                SPI1_IRQHandler
                0x000000000800238c                TAMPER_IRQHandler
                0x000000000800238c                DMA1_Channel4_IRQHandler
                0x000000000800238c                USART3_IRQHandler
                0x000000000800238c                RTC_IRQHandler
                0x000000000800238c                DMA1_Channel7_IRQHandler
                0x000000000800238c                CAN1_RX1_IRQHandler
                0x000000000800238c                TIM4_IRQHandler
                0x000000000800238c                I2C1_EV_IRQHandler
                0x000000000800238c                DMA1_Channel6_IRQHandler
                0x000000000800238c                RCC_IRQHandler
                0x000000000800238c                TIM1_TRG_COM_IRQHandler
                0x000000000800238c                DMA1_Channel1_IRQHandler
                0x000000000800238c                Default_Handler
                0x000000000800238c                EXTI15_10_IRQHandler
                0x000000000800238c                EXTI9_5_IRQHandler
                0x000000000800238c                SPI2_IRQHandler
                0x000000000800238c                MemManage_Handler
                0x000000000800238c                SVC_Handler
                0x000000000800238c                DMA1_Channel5_IRQHandler
                0x000000000800238c                EXTI4_IRQHandler
                0x000000000800238c                USB_LP_CAN1_RX0_IRQHandler
                0x000000000800238c                USB_HP_CAN1_TX_IRQHandler
                0x000000000800238c                DMA1_Channel3_IRQHandler
                0x000000000800238c                TIM1_UP_IRQHandler
                0x000000000800238c                WWDG_IRQHandler
                0x000000000800238c                TIM2_IRQHandler
                0x000000000800238c                TIM1_BRK_IRQHandler
                0x000000000800238c                EXTI1_IRQHandler
                0x000000000800238c                USART2_IRQHandler
                0x000000000800238c                I2C2_ER_IRQHandler
                0x000000000800238c                DMA1_Channel2_IRQHandler
                0x000000000800238c                CAN1_SCE_IRQHandler
                0x000000000800238c                FLASH_IRQHandler
                0x000000000800238c                BusFault_Handler
                0x000000000800238c                USART1_IRQHandler
                0x000000000800238c                I2C1_ER_IRQHandler
                0x000000000800238c                USBWakeUp_IRQHandler
 *fill*         0x000000000800238e        0x2 
 .text.__libc_init_array
                0x0000000008002390       0x48 c:/program files/stm32cubeide_1.11.0/stm32cubeide/plugins/com.st.stm32cube.ide.mcu.externaltools.gnu-tools-for-stm32.10.3-2021.10.win32_1.0.100.202210260954/tools/bin/../lib/gcc/arm-none-eabi/10.3.1/../../../../arm-none-eabi/lib/thumb/v7-m/nofp\libc_nano.a(lib_a-init.o)
                0x0000000008002390                __libc_init_array
 *(.glue_7)
 .glue_7        0x00000000080023d8        0x0 linker stubs
 *(.glue_7t)
 .glue_7t       0x00000000080023d8        0x0 linker stubs
 *(.eh_frame)
 .eh_frame      0x00000000080023d8        0x0 c:/program files/stm32cubeide_1.11.0/stm32cubeide/plugins/com.st.stm32cube.ide.mcu.externaltools.gnu-tools-for-stm32.10.3-2021.10.win32_1.0.100.202210260954/tools/bin/../lib/gcc/arm-none-eabi/10.3.1/thumb/v7-m/nofp/crtbegin.o
 *(.init)
 .init          0x00000000080023d8        0x4 c:/program files/stm32cubeide_1.11.0/stm32cubeide/plugins/com.st.stm32cube.ide.mcu.externaltools.gnu-tools-for-stm32.10.3-2021.10.win32_1.0.100.202210260954/tools/bin/../lib/gcc/arm-none-eabi/10.3.1/thumb/v7-m/nofp/crti.o
                0x00000000080023d8                _init
 .init          0x00000000080023dc        0x8 c:/program files/stm32cubeide_1.11.0/stm32cubeide/plugins/com.st.stm32cube.ide.mcu.externaltools.gnu-tools-for-stm32.10.3-2021.10.win32_1.0.100.202210260954/tools/bin/../lib/gcc/arm-none-eabi/10.3.1/thumb/v7-m/nofp/crtn.o
 *(.fini)
 .fini          0x00000000080023e4        0x4 c:/program files/stm32cubeide_1.11.0/stm32cubeide/plugins/com.st.stm32cube.ide.mcu.externaltools.gnu-tools-for-stm32.10.3-2021.10.win32_1.0.100.202210260954/tools/bin/../lib/gcc/arm-none-eabi/10.3.1/thumb/v7-m/nofp/crti.o
                0x00000000080023e4                _fini
 .fini          0x00000000080023e8        0x8 c:/program files/stm32cubeide_1.11.0/stm32cubeide/plugins/com.st.stm32cube.ide.mcu.externaltools.gnu-tools-for-stm32.10.3-2021.10.win32_1.0.100.202210260954/tools/bin/../lib/gcc/arm-none-eabi/10.3.1/thumb/v7-m/nofp/crtn.o
                0x00000000080023f0                . = ALIGN (0x4)
                0x00000000080023f0                _etext = .

.vfp11_veneer   0x00000000080023f0        0x0
 .vfp11_veneer  0x00000000080023f0        0x0 linker stubs

.v4_bx          0x00000000080023f0        0x0
 .v4_bx         0x00000000080023f0        0x0 linker stubs

.iplt           0x00000000080023f0        0x0
 .iplt          0x00000000080023f0        0x0 c:/program files/stm32cubeide_1.11.0/stm32cubeide/plugins/com.st.stm32cube.ide.mcu.externaltools.gnu-tools-for-stm32.10.3-2021.10.win32_1.0.100.202210260954/tools/bin/../lib/gcc/arm-none-eabi/10.3.1/thumb/v7-m/nofp/crtbegin.o

.rel.dyn        0x00000000080023f0        0x0
 .rel.iplt      0x00000000080023f0        0x0 c:/program files/stm32cubeide_1.11.0/stm32cubeide/plugins/com.st.stm32cube.ide.mcu.externaltools.gnu-tools-for-stm32.10.3-2021.10.win32_1.0.100.202210260954/tools/bin/../lib/gcc/arm-none-eabi/10.3.1/thumb/v7-m/nofp/crtbegin.o

.rodata         0x00000000080023f0        0x0
                0x00000000080023f0                . = ALIGN (0x4)
 *(.rodata)
 *(.rodata*)
                0x00000000080023f0                . = ALIGN (0x4)

.ARM.extab      0x00000000080023f0        0x0
                0x00000000080023f0                . = ALIGN (0x4)
 *(.ARM.extab* .gnu.linkonce.armextab.*)
                0x00000000080023f0                . = ALIGN (0x4)

.ARM            0x00000000080023f0        0x0
                0x00000000080023f0                . = ALIGN (0x4)
                0x00000000080023f0                __exidx_start = .
 *(.ARM.exidx*)
                0x00000000080023f0                __exidx_end = .
                0x00000000080023f0                . = ALIGN (0x4)

.preinit_array  0x00000000080023f0        0x0
                0x00000000080023f0                . = ALIGN (0x4)
                0x00000000080023f0                PROVIDE (__preinit_array_start = .)
 *(.preinit_array*)
                0x00000000080023f0                PROVIDE (__preinit_array_end = .)
                0x00000000080023f0                . = ALIGN (0x4)

.init_array     0x00000000080023f0        0x4
                0x00000000080023f0                . = ALIGN (0x4)
                0x00000000080023f0                PROVIDE (__init_array_start = .)
 *(SORT_BY_NAME(.init_array.*))
 *(.init_array*)
 .init_array    0x00000000080023f0        0x4 c:/program files/stm32cubeide_1.11.0/stm32cubeide/plugins/com.st.stm32cube.ide.mcu.externaltools.gnu-tools-for-stm32.10.3-2021.10.win32_1.0.100.202210260954/tools/bin/../lib/gcc/arm-none-eabi/10.3.1/thumb/v7-m/nofp/crtbegin.o
                0x00000000080023f4                PROVIDE (__init_array_end = .)
                0x00000000080023f4                . = ALIGN (0x4)

.fini_array     0x00000000080023f4        0x4
                0x00000000080023f4                . = ALIGN (0x4)
                [!provide]                        PROVIDE (__fini_array_start = .)
 *(SORT_BY_NAME(.fini_array.*))
 *(.fini_array*)
 .fini_array    0x00000000080023f4        0x4 c:/program files/stm32cubeide_1.11.0/stm32cubeide/plugins/com.st.stm32cube.ide.mcu.externaltools.gnu-tools-for-stm32.10.3-2021.10.win32_1.0.100.202210260954/tools/bin/../lib/gcc/arm-none-eabi/10.3.1/thumb/v7-m/nofp/crtbegin.o
                [!provide]                        PROVIDE (__fini_array_end = .)
                0x00000000080023f8                . = ALIGN (0x4)
                0x00000000080023f8                _sidata = LOADADDR (.data)

.data           0x0000000020000000        0x8 load address 0x00000000080023f8
                0x0000000020000000                . = ALIGN (0x4)
                0x0000000020000000                _sdata = .
 *(.data)
 *(.data*)
 .data.setting  0x0000000020000000        0x4 ./Core/Src/MPU6050.o
                0x0000000020000000                setting
 .data.APB1_Clock
                0x0000000020000004        0x4 ./Core/Src/system_stm32f1xx.o
                0x0000000020000004                APB1_Clock
 *(.RamFunc)
 *(.RamFunc*)
                0x0000000020000008                . = ALIGN (0x4)
                0x0000000020000008                _edata = .

.igot.plt       0x0000000020000008        0x0 load address 0x0000000008002400
 .igot.plt      0x0000000020000008        0x0 c:/program files/stm32cubeide_1.11.0/stm32cubeide/plugins/com.st.stm32cube.ide.mcu.externaltools.gnu-tools-for-stm32.10.3-2021.10.win32_1.0.100.202210260954/tools/bin/../lib/gcc/arm-none-eabi/10.3.1/thumb/v7-m/nofp/crtbegin.o
                0x0000000020000008                . = ALIGN (0x4)

.bss            0x0000000020000008      0x110 load address 0x0000000008002400
                0x0000000020000008                _sbss = .
                0x0000000020000008                __bss_start__ = _sbss
 *(.bss)
 .bss           0x0000000020000008       0x1c c:/program files/stm32cubeide_1.11.0/stm32cubeide/plugins/com.st.stm32cube.ide.mcu.externaltools.gnu-tools-for-stm32.10.3-2021.10.win32_1.0.100.202210260954/tools/bin/../lib/gcc/arm-none-eabi/10.3.1/thumb/v7-m/nofp/crtbegin.o
 *(.bss*)
 .bss.flash     0x0000000020000024        0xc ./Core/Src/Flash.o
                0x0000000020000024                flash
 .bss.SysTimer_ms
                0x0000000020000030        0x4 ./Core/Src/Init_stm.o
                0x0000000020000030                SysTimer_ms
 .bss.Delay_counter_ms
                0x0000000020000034        0x4 ./Core/Src/Init_stm.o
                0x0000000020000034                Delay_counter_ms
 .bss.Timeout_counter_ms
                0x0000000020000038        0x4 ./Core/Src/Init_stm.o
                0x0000000020000038                Timeout_counter_ms
 .bss.time_game
                0x000000002000003c        0x4 ./Core/Src/Init_stm.o
                0x000000002000003c                time_game
 .bss.over_locking_time
                0x0000000020000040        0x2 ./Core/Src/Init_stm.o
                0x0000000020000040                over_locking_time
 .bss.time_to_next_game
                0x0000000020000042        0x2 ./Core/Src/Init_stm.o
                0x0000000020000042                time_to_next_game
 .bss.provoke   0x0000000020000044        0x2 ./Core/Src/Init_stm.o
                0x0000000020000044                provoke
 *fill*         0x0000000020000046        0x2 
 .bss.accX_f    0x0000000020000048        0x4 ./Core/Src/MPU6050.o
                0x0000000020000048                accX_f
 .bss.accY_f    0x000000002000004c        0x4 ./Core/Src/MPU6050.o
                0x000000002000004c                accY_f
 .bss.accZ_f    0x0000000020000050        0x4 ./Core/Src/MPU6050.o
                0x0000000020000050                accZ_f
 .bss.gyrX_f    0x0000000020000054        0x4 ./Core/Src/MPU6050.o
                0x0000000020000054                gyrX_f
 .bss.gyrY_f    0x0000000020000058        0x4 ./Core/Src/MPU6050.o
                0x0000000020000058                gyrY_f
 .bss.gyrZ_f    0x000000002000005c        0x4 ./Core/Src/MPU6050.o
                0x000000002000005c                gyrZ_f
 .bss.MPU6050_rx_buf
                0x0000000020000060       0x10 ./Core/Src/MPU6050.o
                0x0000000020000060                MPU6050_rx_buf
 .bss.setting_comand
                0x0000000020000070        0x1 ./Core/Src/MPU6050.o
                0x0000000020000070                setting_comand
 *fill*         0x0000000020000071        0x3 
 .bss.sleep_gyrX
                0x0000000020000074        0x4 ./Core/Src/main.o
                0x0000000020000074                sleep_gyrX
 .bss.sleep_gyrY
                0x0000000020000078        0x4 ./Core/Src/main.o
                0x0000000020000078                sleep_gyrY
 .bss.sleep_gyrZ
                0x000000002000007c        0x4 ./Core/Src/main.o
                0x000000002000007c                sleep_gyrZ
 .bss.buf_filtr
                0x0000000020000080       0x88 ./Core/Src/main.o
                0x0000000020000080                buf_filtr
 .bss.count_buf
                0x0000000020000108        0x1 ./Core/Src/main.o
                0x0000000020000108                count_buf
 *fill*         0x0000000020000109        0x3 
 .bss.flag      0x000000002000010c        0x4 ./Core/Src/main.o
                0x000000002000010c                flag
 .bss.chanel_A  0x0000000020000110        0x2 ./Core/Src/main.o
                0x0000000020000110                chanel_A
 .bss.chanel_B  0x0000000020000112        0x2 ./Core/Src/main.o
                0x0000000020000112                chanel_B
 .bss.chanel_C  0x0000000020000114        0x2 ./Core/Src/main.o
                0x0000000020000114                chanel_C
 .bss.chanel_D  0x0000000020000116        0x2 ./Core/Src/main.o
                0x0000000020000116                chanel_D
 *(COMMON)
                0x0000000020000118                . = ALIGN (0x4)
                0x0000000020000118                _ebss = .
                0x0000000020000118                __bss_end__ = _ebss

._user_heap_stack
                0x0000000020000118      0x600 load address 0x0000000008002400
                0x0000000020000118                . = ALIGN (0x8)
                [!provide]                        PROVIDE (end = .)
                0x0000000020000118                PROVIDE (_end = .)
                0x0000000020000318                . = (. + _Min_Heap_Size)
 *fill*         0x0000000020000118      0x200 
                0x0000000020000718                . = (. + _Min_Stack_Size)
 *fill*         0x0000000020000318      0x400 
                0x0000000020000718                . = ALIGN (0x8)

/DISCARD/
 libc.a(*)
 libm.a(*)
 libgcc.a(*)

.ARM.attributes
                0x0000000000000000       0x29
 *(.ARM.attributes)
 .ARM.attributes
                0x0000000000000000       0x1d c:/program files/stm32cubeide_1.11.0/stm32cubeide/plugins/com.st.stm32cube.ide.mcu.externaltools.gnu-tools-for-stm32.10.3-2021.10.win32_1.0.100.202210260954/tools/bin/../lib/gcc/arm-none-eabi/10.3.1/thumb/v7-m/nofp/crti.o
 .ARM.attributes
                0x000000000000001d       0x2d c:/program files/stm32cubeide_1.11.0/stm32cubeide/plugins/com.st.stm32cube.ide.mcu.externaltools.gnu-tools-for-stm32.10.3-2021.10.win32_1.0.100.202210260954/tools/bin/../lib/gcc/arm-none-eabi/10.3.1/thumb/v7-m/nofp/crtbegin.o
 .ARM.attributes
                0x000000000000004a       0x2d ./Core/Src/Flash.o
 .ARM.attributes
                0x0000000000000077       0x2d ./Core/Src/I2C_no_interupt.o
 .ARM.attributes
                0x00000000000000a4       0x2d ./Core/Src/Init_stm.o
 .ARM.attributes
                0x00000000000000d1       0x2d ./Core/Src/MPU6050.o
 .ARM.attributes
                0x00000000000000fe       0x2d ./Core/Src/main.o
 .ARM.attributes
                0x000000000000012b       0x2d ./Core/Src/system_stm32f1xx.o
 .ARM.attributes
                0x0000000000000158       0x21 ./Core/Startup/startup_stm32f103c8tx.o
 .ARM.attributes
                0x0000000000000179       0x2d c:/program files/stm32cubeide_1.11.0/stm32cubeide/plugins/com.st.stm32cube.ide.mcu.externaltools.gnu-tools-for-stm32.10.3-2021.10.win32_1.0.100.202210260954/tools/bin/../lib/gcc/arm-none-eabi/10.3.1/../../../../arm-none-eabi/lib/thumb/v7-m/nofp\libc_nano.a(lib_a-init.o)
 .ARM.attributes
                0x00000000000001a6       0x1d c:/program files/stm32cubeide_1.11.0/stm32cubeide/plugins/com.st.stm32cube.ide.mcu.externaltools.gnu-tools-for-stm32.10.3-2021.10.win32_1.0.100.202210260954/tools/bin/../lib/gcc/arm-none-eabi/10.3.1/thumb/v7-m/nofp\libgcc.a(_arm_addsubsf3.o)
 .ARM.attributes
                0x00000000000001c3       0x1d c:/program files/stm32cubeide_1.11.0/stm32cubeide/plugins/com.st.stm32cube.ide.mcu.externaltools.gnu-tools-for-stm32.10.3-2021.10.win32_1.0.100.202210260954/tools/bin/../lib/gcc/arm-none-eabi/10.3.1/thumb/v7-m/nofp\libgcc.a(_arm_muldivsf3.o)
 .ARM.attributes
                0x00000000000001e0       0x1d c:/program files/stm32cubeide_1.11.0/stm32cubeide/plugins/com.st.stm32cube.ide.mcu.externaltools.gnu-tools-for-stm32.10.3-2021.10.win32_1.0.100.202210260954/tools/bin/../lib/gcc/arm-none-eabi/10.3.1/thumb/v7-m/nofp\libgcc.a(_arm_cmpsf2.o)
 .ARM.attributes
                0x00000000000001fd       0x1d c:/program files/stm32cubeide_1.11.0/stm32cubeide/plugins/com.st.stm32cube.ide.mcu.externaltools.gnu-tools-for-stm32.10.3-2021.10.win32_1.0.100.202210260954/tools/bin/../lib/gcc/arm-none-eabi/10.3.1/thumb/v7-m/nofp\libgcc.a(_arm_fixsfsi.o)
 .ARM.attributes
                0x000000000000021a       0x1d c:/program files/stm32cubeide_1.11.0/stm32cubeide/plugins/com.st.stm32cube.ide.mcu.externaltools.gnu-tools-for-stm32.10.3-2021.10.win32_1.0.100.202210260954/tools/bin/../lib/gcc/arm-none-eabi/10.3.1/thumb/v7-m/nofp/crtn.o
OUTPUT(kote_game.elf elf32-littlearm)
LOAD linker stubs
LOAD c:/program files/stm32cubeide_1.11.0/stm32cubeide/plugins/com.st.stm32cube.ide.mcu.externaltools.gnu-tools-for-stm32.10.3-2021.10.win32_1.0.100.202210260954/tools/bin/../lib/gcc/arm-none-eabi/10.3.1/../../../../arm-none-eabi/lib/thumb/v7-m/nofp\libc.a
LOAD c:/program files/stm32cubeide_1.11.0/stm32cubeide/plugins/com.st.stm32cube.ide.mcu.externaltools.gnu-tools-for-stm32.10.3-2021.10.win32_1.0.100.202210260954/tools/bin/../lib/gcc/arm-none-eabi/10.3.1/../../../../arm-none-eabi/lib/thumb/v7-m/nofp\libm.a
LOAD c:/program files/stm32cubeide_1.11.0/stm32cubeide/plugins/com.st.stm32cube.ide.mcu.externaltools.gnu-tools-for-stm32.10.3-2021.10.win32_1.0.100.202210260954/tools/bin/../lib/gcc/arm-none-eabi/10.3.1/thumb/v7-m/nofp\libgcc.a

.debug_info     0x0000000000000000     0x2174
 .debug_info    0x0000000000000000      0x298 ./Core/Src/Flash.o
 .debug_info    0x0000000000000298      0x424 ./Core/Src/I2C_no_interupt.o
 .debug_info    0x00000000000006bc      0xb1c ./Core/Src/Init_stm.o
 .debug_info    0x00000000000011d8      0x301 ./Core/Src/MPU6050.o
 .debug_info    0x00000000000014d9      0xa29 ./Core/Src/main.o
 .debug_info    0x0000000000001f02      0x250 ./Core/Src/system_stm32f1xx.o
 .debug_info    0x0000000000002152       0x22 ./Core/Startup/startup_stm32f103c8tx.o

.debug_abbrev   0x0000000000000000      0xa27
 .debug_abbrev  0x0000000000000000      0x17a ./Core/Src/Flash.o
 .debug_abbrev  0x000000000000017a      0x149 ./Core/Src/I2C_no_interupt.o
 .debug_abbrev  0x00000000000002c3      0x1ed ./Core/Src/Init_stm.o
 .debug_abbrev  0x00000000000004b0      0x12b ./Core/Src/MPU6050.o
 .debug_abbrev  0x00000000000005db      0x2ff ./Core/Src/main.o
 .debug_abbrev  0x00000000000008da      0x13b ./Core/Src/system_stm32f1xx.o
 .debug_abbrev  0x0000000000000a15       0x12 ./Core/Startup/startup_stm32f103c8tx.o

.debug_aranges  0x0000000000000000      0x220
 .debug_aranges
                0x0000000000000000       0x48 ./Core/Src/Flash.o
 .debug_aranges
                0x0000000000000048       0x38 ./Core/Src/I2C_no_interupt.o
 .debug_aranges
                0x0000000000000080       0x90 ./Core/Src/Init_stm.o
 .debug_aranges
                0x0000000000000110       0x30 ./Core/Src/MPU6050.o
 .debug_aranges
                0x0000000000000140       0x90 ./Core/Src/main.o
 .debug_aranges
                0x00000000000001d0       0x28 ./Core/Src/system_stm32f1xx.o
 .debug_aranges
                0x00000000000001f8       0x28 ./Core/Startup/startup_stm32f103c8tx.o

.debug_ranges   0x0000000000000000      0x1b8
 .debug_ranges  0x0000000000000000       0x38 ./Core/Src/Flash.o
 .debug_ranges  0x0000000000000038       0x28 ./Core/Src/I2C_no_interupt.o
 .debug_ranges  0x0000000000000060       0x80 ./Core/Src/Init_stm.o
 .debug_ranges  0x00000000000000e0       0x20 ./Core/Src/MPU6050.o
 .debug_ranges  0x0000000000000100       0x80 ./Core/Src/main.o
 .debug_ranges  0x0000000000000180       0x18 ./Core/Src/system_stm32f1xx.o
 .debug_ranges  0x0000000000000198       0x20 ./Core/Startup/startup_stm32f103c8tx.o

.debug_macro    0x0000000000000000    0x11680
 .debug_macro   0x0000000000000000       0xd7 ./Core/Src/Flash.o
 .debug_macro   0x00000000000000d7      0xa66 ./Core/Src/Flash.o
 .debug_macro   0x0000000000000b3d       0x2e ./Core/Src/Flash.o
 .debug_macro   0x0000000000000b6b       0x22 ./Core/Src/Flash.o
 .debug_macro   0x0000000000000b8d       0x22 ./Core/Src/Flash.o
 .debug_macro   0x0000000000000baf       0x8e ./Core/Src/Flash.o
 .debug_macro   0x0000000000000c3d       0x51 ./Core/Src/Flash.o
 .debug_macro   0x0000000000000c8e      0x103 ./Core/Src/Flash.o
 .debug_macro   0x0000000000000d91       0x6a ./Core/Src/Flash.o
 .debug_macro   0x0000000000000dfb      0x1df ./Core/Src/Flash.o
 .debug_macro   0x0000000000000fda       0x1c ./Core/Src/Flash.o
 .debug_macro   0x0000000000000ff6       0x22 ./Core/Src/Flash.o
 .debug_macro   0x0000000000001018       0xbd ./Core/Src/Flash.o
 .debug_macro   0x00000000000010d5      0xd23 ./Core/Src/Flash.o
 .debug_macro   0x0000000000001df8     0xe09e ./Core/Src/Flash.o
 .debug_macro   0x000000000000fe96       0x6d ./Core/Src/Flash.o
 .debug_macro   0x000000000000ff03       0xa6 ./Core/Src/Flash.o
 .debug_macro   0x000000000000ffa9       0xcb ./Core/Src/I2C_no_interupt.o
 .debug_macro   0x0000000000010074       0xcb ./Core/Src/Init_stm.o
 .debug_macro   0x000000000001013f      0x4e1 ./Core/Src/MPU6050.o
 .debug_macro   0x0000000000010620       0x52 ./Core/Src/MPU6050.o
 .debug_macro   0x0000000000010672       0x18 ./Core/Src/MPU6050.o
 .debug_macro   0x000000000001068a       0x3c ./Core/Src/MPU6050.o
 .debug_macro   0x00000000000106c6       0x34 ./Core/Src/MPU6050.o
 .debug_macro   0x00000000000106fa       0x16 ./Core/Src/MPU6050.o
 .debug_macro   0x0000000000010710       0x97 ./Core/Src/MPU6050.o
 .debug_macro   0x00000000000107a7      0x341 ./Core/Src/MPU6050.o
 .debug_macro   0x0000000000010ae8       0xfd ./Core/Src/MPU6050.o
 .debug_macro   0x0000000000010be5       0x10 ./Core/Src/MPU6050.o
 .debug_macro   0x0000000000010bf5       0x16 ./Core/Src/MPU6050.o
 .debug_macro   0x0000000000010c0b       0x43 ./Core/Src/MPU6050.o
 .debug_macro   0x0000000000010c4e       0x34 ./Core/Src/MPU6050.o
 .debug_macro   0x0000000000010c82       0x10 ./Core/Src/MPU6050.o
 .debug_macro   0x0000000000010c92       0x58 ./Core/Src/MPU6050.o
 .debug_macro   0x0000000000010cea       0x71 ./Core/Src/MPU6050.o
 .debug_macro   0x0000000000010d5b       0x1c ./Core/Src/MPU6050.o
 .debug_macro   0x0000000000010d77      0x12a ./Core/Src/MPU6050.o
 .debug_macro   0x0000000000010ea1       0x10 ./Core/Src/MPU6050.o
 .debug_macro   0x0000000000010eb1       0x1c ./Core/Src/MPU6050.o
 .debug_macro   0x0000000000010ecd       0x52 ./Core/Src/MPU6050.o
 .debug_macro   0x0000000000010f1f       0x22 ./Core/Src/MPU6050.o
 .debug_macro   0x0000000000010f41       0x10 ./Core/Src/MPU6050.o
 .debug_macro   0x0000000000010f51       0x52 ./Core/Src/MPU6050.o
 .debug_macro   0x0000000000010fa3       0xd5 ./Core/Src/MPU6050.o
 .debug_macro   0x0000000000011078       0x1c ./Core/Src/MPU6050.o
 .debug_macro   0x0000000000011094       0x3d ./Core/Src/MPU6050.o
 .debug_macro   0x00000000000110d1       0x16 ./Core/Src/MPU6050.o
 .debug_macro   0x00000000000110e7      0x145 ./Core/Src/MPU6050.o
 .debug_macro   0x000000000001122c      0x19c ./Core/Src/main.o
 .debug_macro   0x00000000000113c8       0x16 ./Core/Src/main.o
 .debug_macro   0x00000000000113de      0x10e ./Core/Src/main.o
 .debug_macro   0x00000000000114ec       0x8d ./Core/Src/main.o
 .debug_macro   0x0000000000011579       0x16 ./Core/Src/main.o
 .debug_macro   0x000000000001158f       0x29 ./Core/Src/main.o
 .debug_macro   0x00000000000115b8       0xc8 ./Core/Src/system_stm32f1xx.o

.debug_line     0x0000000000000000     0x2dd9
 .debug_line    0x0000000000000000      0x5c8 ./Core/Src/Flash.o
 .debug_line    0x00000000000005c8      0x7cc ./Core/Src/I2C_no_interupt.o
 .debug_line    0x0000000000000d94      0x799 ./Core/Src/Init_stm.o
 .debug_line    0x000000000000152d      0x77d ./Core/Src/MPU6050.o
 .debug_line    0x0000000000001caa      0xb9f ./Core/Src/main.o
 .debug_line    0x0000000000002849      0x509 ./Core/Src/system_stm32f1xx.o
 .debug_line    0x0000000000002d52       0x87 ./Core/Startup/startup_stm32f103c8tx.o

.debug_str      0x0000000000000000    0x59904
 .debug_str     0x0000000000000000    0x54615 ./Core/Src/Flash.o
                                      0x54863 (size before relaxing)
 .debug_str     0x0000000000054615      0x143 ./Core/Src/I2C_no_interupt.o
                                      0x54884 (size before relaxing)
 .debug_str     0x0000000000054758      0x53b ./Core/Src/Init_stm.o
                                      0x54deb (size before relaxing)
 .debug_str     0x0000000000054c93     0x48ca ./Core/Src/MPU6050.o
                                      0x59104 (size before relaxing)
 .debug_str     0x000000000005955d      0x286 ./Core/Src/main.o
                                      0x57d2b (size before relaxing)
 .debug_str     0x00000000000597e3       0xaa ./Core/Src/system_stm32f1xx.o
                                      0x545c3 (size before relaxing)
 .debug_str     0x000000000005988d       0x77 ./Core/Startup/startup_stm32f103c8tx.o

.comment        0x0000000000000000       0x50
 .comment       0x0000000000000000       0x50 ./Core/Src/Flash.o
                                         0x51 (size before relaxing)
 .comment       0x0000000000000050       0x51 ./Core/Src/I2C_no_interupt.o
 .comment       0x0000000000000050       0x51 ./Core/Src/Init_stm.o
 .comment       0x0000000000000050       0x51 ./Core/Src/MPU6050.o
 .comment       0x0000000000000050       0x51 ./Core/Src/main.o
 .comment       0x0000000000000050       0x51 ./Core/Src/system_stm32f1xx.o

.debug_frame    0x0000000000000000      0x81c
 .debug_frame   0x0000000000000000       0xe0 ./Core/Src/Flash.o
 .debug_frame   0x00000000000000e0       0x98 ./Core/Src/I2C_no_interupt.o
 .debug_frame   0x0000000000000178      0x20c ./Core/Src/Init_stm.o
 .debug_frame   0x0000000000000384       0x7c ./Core/Src/MPU6050.o
 .debug_frame   0x0000000000000400      0x228 ./Core/Src/main.o
 .debug_frame   0x0000000000000628       0x58 ./Core/Src/system_stm32f1xx.o
 .debug_frame   0x0000000000000680       0x2c c:/program files/stm32cubeide_1.11.0/stm32cubeide/plugins/com.st.stm32cube.ide.mcu.externaltools.gnu-tools-for-stm32.10.3-2021.10.win32_1.0.100.202210260954/tools/bin/../lib/gcc/arm-none-eabi/10.3.1/../../../../arm-none-eabi/lib/thumb/v7-m/nofp\libc_nano.a(lib_a-init.o)
 .debug_frame   0x00000000000006ac       0x4c c:/program files/stm32cubeide_1.11.0/stm32cubeide/plugins/com.st.stm32cube.ide.mcu.externaltools.gnu-tools-for-stm32.10.3-2021.10.win32_1.0.100.202210260954/tools/bin/../lib/gcc/arm-none-eabi/10.3.1/thumb/v7-m/nofp\libgcc.a(_arm_addsubsf3.o)
 .debug_frame   0x00000000000006f8       0x38 c:/program files/stm32cubeide_1.11.0/stm32cubeide/plugins/com.st.stm32cube.ide.mcu.externaltools.gnu-tools-for-stm32.10.3-2021.10.win32_1.0.100.202210260954/tools/bin/../lib/gcc/arm-none-eabi/10.3.1/thumb/v7-m/nofp\libgcc.a(_arm_muldivsf3.o)
 .debug_frame   0x0000000000000730       0xc8 c:/program files/stm32cubeide_1.11.0/stm32cubeide/plugins/com.st.stm32cube.ide.mcu.externaltools.gnu-tools-for-stm32.10.3-2021.10.win32_1.0.100.202210260954/tools/bin/../lib/gcc/arm-none-eabi/10.3.1/thumb/v7-m/nofp\libgcc.a(_arm_cmpsf2.o)
 .debug_frame   0x00000000000007f8       0x24 c:/program files/stm32cubeide_1.11.0/stm32cubeide/plugins/com.st.stm32cube.ide.mcu.externaltools.gnu-tools-for-stm32.10.3-2021.10.win32_1.0.100.202210260954/tools/bin/../lib/gcc/arm-none-eabi/10.3.1/thumb/v7-m/nofp\libgcc.a(_arm_fixsfsi.o)
