../Drivers/CMSIS/Include/core_cm3.h:1876:26:ITM_SendChar	16	static,ignoring_inline_asm
../Core/Src/main.c:29:5:main	16	static
../Core/Src/main.c:83:6:overclocking_PWM	16	static
../Core/Src/main.c:94:6:braking_PWM	16	static
../Core/Src/main.c:105:10:random_time	24	static
../Core/Src/main.c:113:6:stop_game	8	static
../Core/Src/main.c:135:6:restart_value	4	static
../Core/Src/main.c:141:6:check_new_game	8	static
../Core/Src/main.c:164:6:check_let	8	static
../Core/Src/main.c:176:6:start	8	static
../Core/Src/main.c:188:6:game	32	static
../Core/Src/main.c:215:6:set_PWM	16	static
../Core/Src/main.c:223:6:init_flag	4	static
../Core/Src/main.c:237:10:constrain	24	static
../Core/Src/main.c:256:5:_write	32	static
