../Drivers/CMSIS/Include/core_cm3.h:1876:26:ITM_SendChar	16	static,ignoring_inline_asm
../Core/Src/main.c:31:5:main	16	static
../Core/Src/main.c:85:6:overclocking_PWM	16	static
../Core/Src/main.c:96:6:braking_PWM	16	static
../Core/Src/main.c:107:10:random_time	24	static
../Core/Src/main.c:115:6:stop_game	8	static
../Core/Src/main.c:137:6:restart_value	4	static
../Core/Src/main.c:143:6:check_new_game	8	static
../Core/Src/main.c:166:6:check_let	24	static
../Core/Src/main.c:190:6:start	8	static
../Core/Src/main.c:202:6:game	32	static
../Core/Src/main.c:254:6:set_PWM	16	static
../Core/Src/main.c:262:6:init_flag	4	static
../Core/Src/main.c:276:10:constrain	24	static
../Core/Src/main.c:295:5:_write	32	static
